../Core/Src/main.c:75:6:HAL_TIM_PeriodElapsedCallback	16	static
../Core/Src/main.c:83:6:ON_ALL	4	static
../Core/Src/main.c:88:6:OFF_ALL	4	static
../Core/Src/main.c:98:6:MODE_1	8	static
../Core/Src/main.c:116:6:MODE_2	8	static
../Core/Src/main.c:121:6:Handler_Led	8	static
../Core/Src/main.c:134:5:main	8	static
../Core/Src/main.c:189:6:SystemClock_Config	88	static
../Core/Src/main.c:233:13:MX_ADC1_Init	24	static
../Core/Src/main.c:280:13:MX_TIM2_Init	32	static
../Core/Src/main.c:325:13:MX_GPIO_Init	40	static
../Core/Src/main.c:377:6:Error_Handler	4	static,ignoring_inline_asm
